



####step 1





hager@pop-os:~$ sudo useradd OSC
[sudo] password for hager: 
hager@pop-os:~$ sudo passwd OSC
New password: 
Retype new password: 
hager@pop-os:~$ sudo usermod -a -G OSC_group OSC
hager@pop-os:~$ sudo visudo
/etc/sudoers:1:7: syntax error
OSCALL=(ALL:ALL)ALL#
      ^
What now? e
Warning: /etc/sudoers:2:22: User_Alias "OSC" referenced but not defined
hager@pop-os:~$ sudo su OSC
$ id
uid=1002(OSC) gid=1004(OSC) groups=1004(OSC),1005(OSC_group)
$ 




#####step 2






hager@pop-os:~$ sudo chown -R OSC:OSC /home/OSC
hager@pop-os:~$ sudo nano /etc/passwd
hager@pop-os:~$ su OSC
Password: 
To run a command as administrator (user "root"), use "sudo <command>".
See "man sudo_root" for details.

OSC@pop-os:/home/hager$ cd
OSC@pop-os:~$ ls
OSC@pop-os:~$ sudo ls
OSC@pop-os:~$ pwd
/home/OSC
OSC@pop-os:~$ sudo mkdir "permission_practice"
OSC@pop-os:~$ ls
permission_practice
OSC@pop-os:~$ cd permission_practice/
OSC@pop-os:~/permission_practice$ touch "public_file.txt" "privatr_file.txt" "executable_script.sh"
touch: cannot touch 'public_file.txt': Permission denied
touch: cannot touch 'privatr_file.txt': Permission denied
touch: cannot touch 'executable_script.sh': Permission denied
OSC@pop-os:~/permission_practice$ sudo touch "public_file.txt" "privatr_file.txt" "executable_script.sh"
OSC@pop-os:~/permission_practice$ ls
executable_script.sh  privatr_file.txt	public_file.txt
OSC@pop-os:~/permission_practice$ chmod 666 public_file.txt 
chmod: changing permissions of 'public_file.txt': Operation not permitted
OSC@pop-os:~/permission_practice$ sudo chmod 666 public_file.txt 
OSC@pop-os:~/permission_practice$ sudo chmod 600 privatr_file.txt 
OSC@pop-os:~/permission_practice$ sudo chmod 750 executable_script.sh 
OSC@pop-os:~/permission_practice$ ls -la
total 8
drwxr-xr-x 2 root root 4096 Aug 23 00:01 .
drwxr-xr-x 3 OSC  OSC  4096 Aug 22 23:59 ..
-rwxr-x--- 1 root root    0 Aug 23 00:01 executable_script.sh
-rw------- 1 root root    0 Aug 23 00:01 privatr_file.txt
-rw-rw-rw- 1 root root    0 Aug 23 00:01 public_file.txt
OSC@pop-os:~/permission_practice$ 



####### step 3



OSC@pop-os:~/permission_practice$ ls
executable_script.sh  privatr_file.txt	public_file.txt
OSC@pop-os:~/permission_practice$ ls -l
total 0
-rwxr-x--- 1 root root 0 Aug 23 00:01 executable_script.sh
-rw------- 1 root root 0 Aug 23 00:01 privatr_file.txt
-rw-rw-rw- 1 root root 0 Aug 23 00:01 public_file.txt
OSC@pop-os:~/permission_practice$ chown hager p
privatr_file.txt  public_file.txt   
OSC@pop-os:~/permission_practice$ chown hager privatr_file.txt 
chown: changing ownership of 'privatr_file.txt': Operation not permitted
OSC@pop-os:~/permission_practice$ sudo chown hager privatr_file.txt 
[sudo] password for OSC: 
OSC@pop-os:~/permission_practice$ sudo chgroup OSC_group privatr_file.txt 
sudo: chgroup: command not found
OSC@pop-os:~/permission_practice$ sudo chgrp OSC_group privatr_file.txt 
OSC@pop-os:~/permission_practice$ ls -l
total 0
-rwxr-x--- 1 root  root      0 Aug 23 00:01 executable_script.sh
-rw------- 1 hager OSC_group 0 Aug 23 00:01 privatr_file.txt
-rw-rw-rw- 1 root  root      0 Aug 23 00:01 public_file.txt
OSC@pop-os:~/permission_practice$ 




####### step 4
hager@pop-os:~$ sleep 1000 &
[1] 6422
hager@pop-os:~$ ps
    PID TTY          TIME CMD
   6366 pts/0    00:00:00 bash
   6422 pts/0    00:00:00 sleep
   6423 pts/0    00:00:00 ps
hager@pop-os:~$ kill -9 6422
hager@pop-os:~$ nano


Use "fg" to return to nano.
[1]   Killed                  sleep 1000

[2]+  Stopped                 nano
hager@pop-os:~$ jobs
[2]+  Stopped                 nano
hager@pop-os:~$ kill -9 %2

[2]+  Stopped                 nano
hager@pop-os:~$ ps
    PID TTY          TIME CMD
   6366 pts/0    00:00:00 bash
   6428 pts/0    00:00:00 ps
[2]+  Killed                  nano
hager@pop-os:~$ 


